test_actual_capability_route_is_no_store_nonsecret_and_never_connects (__main__.HostedTransport.test_actual_capability_route_is_no_store_nonsecret_and_never_connects) ... ok
test_bad_body_and_session_bounds_fail_before_reservation (__main__.HostedTransport.test_bad_body_and_session_bounds_fail_before_reservation) ... ok
test_capability_contains_only_nonsecret_status_and_no_connection (__main__.HostedTransport.test_capability_contains_only_nonsecret_status_and_no_connection) ... ok
test_capacity_config_is_strict_and_bounded (__main__.HostedTransport.test_capacity_config_is_strict_and_bounded) ... ok
test_capacity_is_reserved_before_native_join_await (__main__.HostedTransport.test_capacity_is_reserved_before_native_join_await) ... ok
test_deep_json_under_http_size_limit_is_rejected_without_room (__main__.HostedTransport.test_deep_json_under_http_size_limit_is_rejected_without_room) ... ok
test_deep_rtc_envelope_or_payload_closes_owner_without_callback_error (__main__.HostedTransport.test_deep_rtc_envelope_or_payload_closes_owner_without_callback_error) ... ok
test_denied_attempts_consume_client_rate_budget_before_sdk (__main__.HostedTransport.test_denied_attempts_consume_client_rate_budget_before_sdk) ... ok
test_disabled_configuration_does_not_import_sdk_or_create_rate_state (__main__.HostedTransport.test_disabled_configuration_does_not_import_sdk_or_create_rate_state) ... ok
test_explicit_local_development_rejects_remote_peer_even_with_spoofed_forwarding (__main__.HostedTransport.test_explicit_local_development_rejects_remote_peer_even_with_spoofed_forwarding) ... ok
test_first_question_after_republish_uses_granted_archive_in_actual_graph (__main__.HostedTransport.test_first_question_after_republish_uses_granted_archive_in_actual_graph) ... ok
test_hosted_private_worker_uses_server_ice_and_public_grant_only (__main__.HostedTransport.test_hosted_private_worker_uses_server_ice_and_public_grant_only) ... ok
test_hosted_signal_configuration_requires_tls_or_explicit_local_development (__main__.HostedTransport.test_hosted_signal_configuration_requires_tls_or_explicit_local_development) ... ok
test_missing_or_mismatched_archive_never_creates_room (__main__.HostedTransport.test_missing_or_mismatched_archive_never_creates_room) ... ok
test_origin_is_exact_configuration_not_host_or_forwarded_headers (__main__.HostedTransport.test_origin_is_exact_configuration_not_host_or_forwarded_headers) ... ok
test_private_signal_config_rejects_public_plaintext_and_metadata_hosts (__main__.HostedTransport.test_private_signal_config_rejects_public_plaintext_and_metadata_hosts) ... ok
test_public_origin_configuration_rejects_wildcard_insecure_paths_and_credentials (__main__.HostedTransport.test_public_origin_configuration_rejects_wildcard_insecure_paths_and_credentials) ... ok
test_public_origin_works_behind_http_reverse_proxy_without_host_reflection (__main__.HostedTransport.test_public_origin_works_behind_http_reverse_proxy_without_host_reflection) ... ok
test_public_url_is_worker_fallback_only_when_internal_url_absent (__main__.HostedTransport.test_public_url_is_worker_fallback_only_when_internal_url_absent) ... ok
test_publication_change_during_join_closes_worker_without_viewer_token (__main__.HostedTransport.test_publication_change_during_join_closes_worker_without_viewer_token) ... ok
test_question_cannot_override_the_room_publication (__main__.HostedTransport.test_question_cannot_override_the_room_publication) ... ok
test_rate_expiry_and_client_table_are_bounded (__main__.HostedTransport.test_rate_expiry_and_client_table_are_bounded) ... ok
test_raw_forwarded_headers_cannot_rotate_client_rate_identity (__main__.HostedTransport.test_raw_forwarded_headers_cannot_rotate_client_rate_identity) ... ok
test_relay_policy_is_viewer_only_and_worker_keeps_default_ice (__main__.HostedTransport.test_relay_policy_is_viewer_only_and_worker_keeps_default_ice) ... ok
test_same_session_has_only_one_room_owner (__main__.HostedTransport.test_same_session_has_only_one_room_owner) ... ok
test_short_room_bound_grants_publish_microphone_only (__main__.HostedTransport.test_short_room_bound_grants_publish_microphone_only) ... ok
test_slow_body_is_bounded_without_reserving_room (__main__.HostedTransport.test_slow_body_is_bounded_without_reserving_room) ... ok
test_stale_requested_version_or_snapshot_rejected_before_sdk (__main__.HostedTransport.test_stale_requested_version_or_snapshot_rejected_before_sdk) ... ok
test_unpublished_bundle_and_absent_pin_never_create_room (__main__.HostedTransport.test_unpublished_bundle_and_absent_pin_never_create_room) ... ok

----------------------------------------------------------------------
Ran 29 tests in 0.298s

OK
STAGED_OUTBOUND_ATTEMPTS 0
