PASS media: audited bindings retain two picture IDs in spoken order
PASS media: each picture retains its first spoken line index
PASS media: audited pictures are not marked illustration
PASS media: a third distinct picture is not added
PASS media: repeated references collapse and retain first indexes
PASS media: absent audit accepts the Author's actual binding
PASS media: full audited legacy bindings recover only the missing image kind
PASS media: explicit none is never promoted to audited picture proof
PASS media: partial coverage cannot become literal evidence
PASS media: stale audit for a different picture cannot approve its binding
PASS media: unknown pictures and shots are not accepted as slide images
PASS proxy: engine chooses the confidently tagged bonnet
PASS proxy: weak part tags fall back to hero
PASS proxy: a confident tag without a box still selects the illustration
PASS proxy: a missing part box keeps its label in the panel
PASS proxy: price has no visual proof and uses hero illustration
PASS proxy: no allowed hero produces no invented picture
PASS media: held lines do not consume the displayed line index
PASS workbook media: saved full pixel coverage supplies a distinct second view
PASS workbook media: additional view retains its supported narration timing
PASS workbook media: one available supported view is not duplicated
PASS workbook media: weak pixel evidence cannot supply the second picture
PASS workbook media: absent visible features cannot supply the second picture
PASS workbook media: excluded pictures cannot enter the second slot
PASS workbook media: another segment's audit is not reused
PASS workbook media: held narration cannot promote another view
PASS workbook media: partial line coverage cannot promote another view
PASS workbook media: explicit none cannot promote another view
PASS workbook media: an existing pair keeps its reviewed narration order
PASS workbook media: a repeated picture ID cannot fill the second slot
PASS deck: media list persists and legacy image_id mirrors its first picture
PASS deck: fundamental status survives media selection and script joins
PASS deck: derived labels attach to the picture their source line uses
PASS deck: second-picture geometry uses its own part box
PASS workbook deck: audited alternative persists through the real deck build
PASS workbook deck: alternative labels use only their audited line's citations
PASS workbook deck: absent matching part uses a caption without a guessed marker
PASS proxy: one complete cited label stays in the panel without guessed proof
PASS proxy: illustrative label reveals at the start
PASS proxy: valid concise model feature label survives without shortening a fact
PASS proxy: model label never receives a part anchor or visual-proof claim
PASS proxy: foreign slide fact cannot become a reviewed feature caption
PASS proxy: mixed local and foreign facts cannot become a reviewed feature caption
PASS proxy: uncited model label cannot become a reviewed feature caption
PASS proxy: overlong model label cannot become a reviewed feature caption
PASS proxy: building illustrations never changes the pixel audit
PASS fallback engine: unaudited binding keeps the selected proxy and illustration badge
PASS fallback engine: cited wording and reveal survive without a part or anchor
PASS fallback engine: build does not manufacture pixel evidence
PASS fallback wheel: unaudited binding keeps the selected proxy and illustration badge
PASS fallback wheel: cited wording and reveal survive without a part or anchor
PASS fallback wheel: build does not manufacture pixel evidence
PASS proxy: derived illustration retains every citation from its source line
PASS proxy: overlong scope is omitted whole instead of shortened
PASS override: second-slot swap preserves timing and marks unaudited illustration
PASS override: unchanged picture retains its audited metadata
PASS override: moved callout uses new picture geometry and independent drag
PASS override: null picture attachment means the first picture
PASS override: removing pictures preserves every existing semantic label
PASS override: picture-free labels have no guessed parts or anchors
PASS override: media-only swap preserves label wording citations and reveal
PASS override: matching part name in a new illustration does not become proof
PASS override: unchanged image retains its existing true anchor
PASS override: excluded saved picture retires geometry even after rebuild remapped its image
PASS override: intentionally empty labels are never generated by media edits
PASS override: rejects third picture
PASS override: rejects excluded picture
PASS override: rejects foreign callout attachment
PASS deck: two pictures can each carry three independently validated callouts
PASS override: removal of two pictures retains both sets of captions
PASS override: moving a fourth label onto a picture is rejected
PASS deck: model sees picture IDs with separate exact part lists
PASS override: rebuild survives a later exclusion of the saved picture
PASS override: stale callout attachments cannot restore an excluded picture
PASS bundle: both media URLs and own part boxes are resolved
PASS bundle: legacy image_url and new first media URL agree
PASS bundle: callout picture identities survive publication
PASS bundle: segments and slides preserve the lead-fundamental flag
PASS media: no outbound requests and all storage is isolated
Deck media: 79/79 passed
