test_actual_graph_learns_then_hit_precedes_graph_and_counts (__main__.FAQCacheContract.test_actual_graph_learns_then_hit_precedes_graph_and_counts) ... ok
test_audio_attach_requires_current_exact_text_and_retains_counts (__main__.FAQCacheContract.test_audio_attach_requires_current_exact_text_and_retains_counts) ... ok
test_build_decline_does_not_learn_and_provider_outage_does_not_learn (__main__.FAQCacheContract.test_build_decline_does_not_learn_and_provider_outage_does_not_learn) ... ok
test_build_merge_preserves_customer_write_during_slow_doc_answer (__main__.FAQCacheContract.test_build_merge_preserves_customer_write_during_slow_doc_answer) ... ok
test_build_uses_only_uploaded_questions_without_generation_or_quota (__main__.FAQCacheContract.test_build_uses_only_uploaded_questions_without_generation_or_quota) ... ok
test_clean_customer_answer_has_snapshot_provenance_and_no_unverified_audio (__main__.FAQCacheContract.test_clean_customer_answer_has_snapshot_provenance_and_no_unverified_audio) ... ok
test_concurrent_cache_and_hit_counts_do_not_lose_writes (__main__.FAQCacheContract.test_concurrent_cache_and_hit_counts_do_not_lose_writes) ... ok
test_concurrent_unknown_counts_are_atomic (__main__.FAQCacheContract.test_concurrent_unknown_counts_are_atomic) ... ok
test_customer_unknown_is_a_coach_gap_and_never_a_fact (__main__.FAQCacheContract.test_customer_unknown_is_a_coach_gap_and_never_a_fact) ... ok
test_customer_unknowns_dedupe_by_match_similarity_and_never_become_facts (__main__.FAQCacheContract.test_customer_unknowns_dedupe_by_match_similarity_and_never_become_facts) ... ok
test_declines_clarifications_failures_errors_and_tools_are_not_cached (__main__.FAQCacheContract.test_declines_clarifications_failures_errors_and_tools_are_not_cached) ... ok
test_declines_learn_once_per_customer_turn_but_clarification_and_outage_do_not (__main__.FAQCacheContract.test_declines_learn_once_per_customer_turn_but_clarification_and_outage_do_not) ... ok
test_empty_bank_is_valid_and_discards_guessed_legacy_questions (__main__.FAQCacheContract.test_empty_bank_is_valid_and_discards_guessed_legacy_questions) ... ok
test_empty_card_autoapproves_and_build_can_continue_without_rehearsal (__main__.FAQCacheContract.test_empty_card_autoapproves_and_build_can_continue_without_rehearsal) ... ok
test_exact_reviewed_edit_survives_cache_and_normalization (__main__.FAQCacheContract.test_exact_reviewed_edit_survives_cache_and_normalization) ... ok
test_failed_or_cancelled_stream_never_caches_partial_audio (__main__.FAQCacheContract.test_failed_or_cancelled_stream_never_caches_partial_audio) ... ok
test_human_edit_uses_exact_words_citations_and_new_audio (__main__.FAQCacheContract.test_human_edit_uses_exact_words_citations_and_new_audio) ... ok
test_learning_storage_failure_does_not_discard_a_valid_answer (__main__.FAQCacheContract.test_learning_storage_failure_does_not_discard_a_valid_answer) ... ok
test_match_counts_actual_hits_without_resetting_approval (__main__.FAQCacheContract.test_match_counts_actual_hits_without_resetting_approval) ... ok
test_pinned_hash_survives_draft_changes_and_new_snapshot_cannot_hit (__main__.FAQCacheContract.test_pinned_hash_survives_draft_changes_and_new_snapshot_cannot_hit) ... ok
test_plain_language_is_applied_before_storage_and_audio_identity (__main__.FAQCacheContract.test_plain_language_is_applied_before_storage_and_audio_identity) ... ok
test_rehearsal_endpoint_starts_only_explicitly (__main__.FAQCacheContract.test_rehearsal_endpoint_starts_only_explicitly) ... /Users/macbook/Documents/demo-studio/.venv/lib/python3.11/site-packages/starlette/testclient.py:53: DeprecationWarning: The anyio.abc.BlockingPortal alias is deprecated, use anyio.from_thread.BlockingPortal instead.
  _PortalFactoryType = Callable[[], AbstractContextManager[anyio.abc.BlockingPortal]]
/Users/macbook/Documents/demo-studio/server/livekit_trial.py:542: DeprecationWarning:
        on_event is deprecated, use lifespan event handlers instead.

        Read more about it in the
        [FastAPI docs for Lifespan Events](https://fastapi.tiangolo.com/advanced/events/).

  @router.on_event("shutdown")
ok
test_rejected_tombstone_prevents_hit_recache_and_doc_rebuild (__main__.FAQCacheContract.test_rejected_tombstone_prevents_hit_recache_and_doc_rebuild) ... ok
test_skip_bank_runs_actual_graph_even_when_an_answer_is_cached (__main__.FAQCacheContract.test_skip_bank_runs_actual_graph_even_when_an_answer_is_cached) ... ok
test_store_is_temporary_and_sockets_are_blocked (__main__.FAQCacheContract.test_store_is_temporary_and_sockets_are_blocked) ... ok
test_streamed_audio_is_saved_once_and_reused_without_another_tts_call (__main__.FAQCacheContract.test_streamed_audio_is_saved_once_and_reused_without_another_tts_call) ... ok
test_unknown_or_mismatched_snapshot_identity_fails_closed (__main__.FAQCacheContract.test_unknown_or_mismatched_snapshot_identity_fails_closed) ... ok

----------------------------------------------------------------------
Ran 27 tests in 0.775s

OK
OUTBOUND_ATTEMPTS 0
