test_adequate_first_draft_reaches_align_ready_without_manual_preparation (__main__.AutomaticNarration.test_adequate_first_draft_reaches_align_ready_without_manual_preparation) ... ok
test_adequate_manual_edit_remains_ready_and_can_be_reviewed (__main__.AutomaticNarration.test_adequate_manual_edit_remains_ready_and_can_be_reviewed) ... ok
test_build_refuses_incomplete_draft_even_if_saved_approvals_are_forged (__main__.AutomaticNarration.test_build_refuses_incomplete_draft_even_if_saved_approvals_are_forged) ... ok
test_first_author_request_failure_blocks_empty_script_and_normal_retry_recovers (__main__.AutomaticNarration.test_first_author_request_failure_blocks_empty_script_and_normal_retry_recovers) ... ok
test_first_request_failure_on_revision_preserves_the_previous_valid_draft (__main__.AutomaticNarration.test_first_request_failure_on_revision_preserves_the_previous_valid_draft) ... ok
test_generic_mock_placeholders_remain_an_incomplete_preview_without_padding (__main__.AutomaticNarration.test_generic_mock_placeholders_remain_an_incomplete_preview_without_padding) ... ok
test_incomplete_script_cannot_be_approved_directly (__main__.AutomaticNarration.test_incomplete_script_cannot_be_approved_directly) ... ok
test_legacy_build_prepares_automatically_and_returns_for_fresh_review (__main__.AutomaticNarration.test_legacy_build_prepares_automatically_and_returns_for_fresh_review) ... ok
test_manual_shortening_of_prepared_unvoiced_script_stays_incomplete (__main__.AutomaticNarration.test_manual_shortening_of_prepared_unvoiced_script_stays_incomplete) ... ok
test_manual_shortening_of_voiced_script_cannot_hide_behind_stale_audio (__main__.AutomaticNarration.test_manual_shortening_of_voiced_script_cannot_hide_behind_stale_audio) ... ok
test_multi_action_and_chat_approval_cannot_bypass_incomplete_script (__main__.AutomaticNarration.test_multi_action_and_chat_approval_cannot_bypass_incomplete_script) ... ok
test_no_available_facts_requests_sources_and_never_pads_to_the_target (__main__.AutomaticNarration.test_no_available_facts_requests_sources_and_never_pads_to_the_target) ... ok
test_repair_provider_failure_stays_distinct_from_missing_source_evidence (__main__.AutomaticNarration.test_repair_provider_failure_stays_distinct_from_missing_source_evidence) ... ok
test_repeated_short_output_stops_with_incomplete_draft_after_three_calls (__main__.AutomaticNarration.test_repeated_short_output_stops_with_incomplete_draft_after_three_calls) ... ok
test_short_recording_triggers_one_draft_preparation_and_preserves_old_publication (__main__.AutomaticNarration.test_short_recording_triggers_one_draft_preparation_and_preserves_old_publication) ... ok
test_two_short_drafts_get_one_automatic_completion_before_align (__main__.AutomaticNarration.test_two_short_drafts_get_one_automatic_completion_before_align) ... ok

----------------------------------------------------------------------
Ran 16 tests in 3.380s

OK
OUTBOUND_ATTEMPTS 0
OUTBOUND_ATTEMPTS 0
