PASS pitch: observed unsupported warranty relation is dropped before speech
PASS pitch: rejecting custom proof preserves the reviewed safety/ownership route
PASS pitch: observed uncited installation bridge is dropped before speech
PASS pitch: an equipment citation alone cannot license an installation benefit
PASS pitch: equipment-only proof does not license properly secured child-seat outcome
PASS pitch: unknown relation rejects batch The warranty lasts 3 years or 100 000 km.
PASS pitch: unknown relation rejects bridge The warranty lasts 3 years or 100 000 km.
PASS pitch: unknown relation rejects batch The warranty lasts 3 years and 100 000 km, whichever occurs first.
PASS pitch: unknown relation rejects bridge The warranty lasts 3 years and 100 000 km, whichever occurs first.
PASS pitch: unknown relationship can be stated honestly without inventing one
PASS pitch: plain equipment and a proposed personal fit check survive
PASS pitch: a neutral context-only bridge needs no fabricated product claim
PASS pitch: a stated volume cannot lose its explicit measurement basis
PASS pitch: complete volume scope and measurement basis survive
PASS pitch: a context-only route cue need not recite an unused measurement standard
FAIL pitch: a measurement basis stated only in the quote cannot be omitted
FAIL pitch: a quoted measurement code is approved numeric evidence
PASS pitch: explicitly documented relation survives despite unrelated missing exclusions
PASS pitch: an explicitly stated installation assessment is not blanket-blocked
PASS pitch: full evidence and scope-before-benefit rules reach the real prompt
PASS pitch: tests made no provider/network calls or source/script writes
Pitch grounding contracts: 19/21
