test_actual_creta_seed_excludes_slogans_other_markets_and_other_models (__main__.KnowledgeContract.test_actual_creta_seed_excludes_slogans_other_markets_and_other_models) ... ok
test_actual_local_ocr_of_image_only_pdf (__main__.KnowledgeContract.test_actual_local_ocr_of_image_only_pdf) ... ok
test_actual_local_renderer_uses_only_fake_safe_fetch (__main__.KnowledgeContract.test_actual_local_renderer_uses_only_fake_safe_fetch) ... ok
test_automatic_family_matches_explicit_transmission_only (__main__.KnowledgeContract.test_automatic_family_matches_explicit_transmission_only) ... ok
test_bad_snapshot_id_rejected (__main__.KnowledgeContract.test_bad_snapshot_id_rejected) ... ok
test_bounded_continuation_retains_prior_revision_with_visible_freshness_gap (__main__.KnowledgeContract.test_bounded_continuation_retains_prior_revision_with_visible_freshness_gap) ... ok
test_change_and_removal_never_retarget_ids (__main__.KnowledgeContract.test_change_and_removal_never_retarget_ids) ... ok
test_comfort_comparison_retrieves_reviewed_seat_differences_without_reindexing (__main__.KnowledgeContract.test_comfort_comparison_retrieves_reviewed_seat_differences_without_reindexing) ... ok
test_comfort_topic_expansion_does_not_change_eligibility_or_other_topics (__main__.KnowledgeContract.test_comfort_topic_expansion_does_not_change_eligibility_or_other_topics) ... ok
test_compound_engine_displacement_conflict_holds_unreviewed_values (__main__.KnowledgeContract.test_compound_engine_displacement_conflict_holds_unreviewed_values) ... ok
test_crawl_budget_model_scope_and_coverage (__main__.KnowledgeContract.test_crawl_budget_model_scope_and_coverage) ... ok
test_crawl_does_not_reuse_failed_stale_pages (__main__.KnowledgeContract.test_crawl_does_not_reuse_failed_stale_pages) ... ok
test_direct_edit_versions_identity_and_preserves_override_on_reread (__main__.KnowledgeContract.test_direct_edit_versions_identity_and_preserves_override_on_reread) ... ok
test_displacement_never_borrows_broad_quote_or_unrelated_claim (__main__.KnowledgeContract.test_displacement_never_borrows_broad_quote_or_unrelated_claim) ... ok
test_displacement_requires_explicit_compatible_engine_and_scope (__main__.KnowledgeContract.test_displacement_requires_explicit_compatible_engine_and_scope) ... ok
test_displacement_respects_explicit_human_resolution_on_unchanged_assertions (__main__.KnowledgeContract.test_displacement_respects_explicit_human_resolution_on_unchanged_assertions) ... ok
test_displacement_units_normalize_without_comparing_power_or_nominal_litres (__main__.KnowledgeContract.test_displacement_units_normalize_without_comparing_power_or_nominal_litres) ... ok
test_document_redirect_cannot_escape_model_market_scope (__main__.KnowledgeContract.test_document_redirect_cannot_escape_model_market_scope) ... ok
test_document_wins_only_true_same_scope_conflict (__main__.KnowledgeContract.test_document_wins_only_true_same_scope_conflict) ... ok
test_explicit_conflict_review_preserves_sources_and_survives_reread (__main__.KnowledgeContract.test_explicit_conflict_review_preserves_sources_and_survives_reread) ... ok
test_explicit_mixed_variant_clauses_never_expand_relative_order (__main__.KnowledgeContract.test_explicit_mixed_variant_clauses_never_expand_relative_order) ... ok
test_explicit_negative_applicability_is_retrieved_with_polarity (__main__.KnowledgeContract.test_explicit_negative_applicability_is_retrieved_with_polarity) ... ok
test_explicit_universal_equipment_is_available_for_named_trim_retrieval (__main__.KnowledgeContract.test_explicit_universal_equipment_is_available_for_named_trim_retrieval) ... ok
test_explicit_variant_lists_are_atomic_but_relative_trim_order_is_not_inferred (__main__.KnowledgeContract.test_explicit_variant_lists_are_atomic_but_relative_trim_order_is_not_inferred) ... ok
test_extraction_cache_resumes_and_versions_inputs_without_provider_calls (__main__.KnowledgeContract.test_extraction_cache_resumes_and_versions_inputs_without_provider_calls) ... ok
test_generic_or_qualified_availability_never_becomes_universal (__main__.KnowledgeContract.test_generic_or_qualified_availability_never_becomes_universal) ... ok
test_html_table_footnotes_and_chunks_survive (__main__.KnowledgeContract.test_html_table_footnotes_and_chunks_survive) ... ok
test_human_correction_survives_unrelated_source_byte_change (__main__.KnowledgeContract.test_human_correction_survives_unrelated_source_byte_change) ... ok
test_human_full_edit_preserved_on_same_evidence (__main__.KnowledgeContract.test_human_full_edit_preserved_on_same_evidence) ... ok
test_identical_uploaded_and_url_documents_extract_once (__main__.KnowledgeContract.test_identical_uploaded_and_url_documents_extract_once) ... invalid pdf header: b'Fixtu'
EOF marker not found
ok
test_lineup_membership_keeps_market_and_does_not_establish_equipment (__main__.KnowledgeContract.test_lineup_membership_keeps_market_and_does_not_establish_equipment) ... ok
test_matrix_projection_ignores_dimensions_held_rows_and_source_tables (__main__.KnowledgeContract.test_matrix_projection_ignores_dimensions_held_rows_and_source_tables) ... ok
test_missing_scope_does_not_trigger_precedence (__main__.KnowledgeContract.test_missing_scope_does_not_trigger_precedence) ... ok
test_named_fitment_keeps_trailing_transmission_restriction (__main__.KnowledgeContract.test_named_fitment_keeps_trailing_transmission_restriction) ... ok
test_no_silent_text_truncation (__main__.KnowledgeContract.test_no_silent_text_truncation) ... ok
test_old_html_cache_is_reparsed_without_overwriting_old_revision (__main__.KnowledgeContract.test_old_html_cache_is_reparsed_without_overwriting_old_revision) ... ok
test_parenthetical_matrix_preserves_exact_variant_value_pairs (__main__.KnowledgeContract.test_parenthetical_matrix_preserves_exact_variant_value_pairs) ... ok
test_parking_comparison_retrieves_standard_sensors_before_unrelated_trim_equipment (__main__.KnowledgeContract.test_parking_comparison_retrieves_standard_sensors_before_unrelated_trim_equipment) ... ok
test_pdf_layout_removes_padding_and_retains_raw_null_table_cells (__main__.KnowledgeContract.test_pdf_layout_removes_padding_and_retains_raw_null_table_cells) ... ok
test_powertrain_family_retrieval_keeps_capacity_and_technology_strict (__main__.KnowledgeContract.test_powertrain_family_retrieval_keeps_capacity_and_technology_strict) ... ok
test_prior_foreign_crawl_children_are_deactivated_on_next_ingest (__main__.KnowledgeContract.test_prior_foreign_crawl_children_are_deactivated_on_next_ingest) ... ok
test_projection_uses_only_approved_literal_assertions_not_provenance_or_order (__main__.KnowledgeContract.test_projection_uses_only_approved_literal_assertions_not_provenance_or_order) ... ok
test_public_url_safety (__main__.KnowledgeContract.test_public_url_safety) ... ok
test_quote_change_versions_assertion_source_revision_versions_evidence (__main__.KnowledgeContract.test_quote_change_versions_assertion_source_revision_versions_evidence) ... ok
test_reorder_preserves_citation_meaning (__main__.KnowledgeContract.test_reorder_preserves_citation_meaning) ... ok
test_repeated_and_competitor_edits_never_reuse_a_citation (__main__.KnowledgeContract.test_repeated_and_competitor_edits_never_reuse_a_citation) ... ok
test_retrieval_deduplicates_identical_assertions_not_distinct_applicability (__main__.KnowledgeContract.test_retrieval_deduplicates_identical_assertions_not_distinct_applicability) ... ok
test_reviewed_displacement_stays_preferred_and_ids_survive_reread (__main__.KnowledgeContract.test_reviewed_displacement_stays_preferred_and_ids_survive_reread) ... ok
test_runtime_lookup_preserves_final_url_table_header_and_footnote (__main__.KnowledgeContract.test_runtime_lookup_preserves_final_url_table_header_and_footnote) ... ok
test_runtime_lookup_reads_only_two_relevant_same_host_children (__main__.KnowledgeContract.test_runtime_lookup_reads_only_two_relevant_same_host_children) ... ok
test_runtime_lookup_rejects_unrelated_and_oversized_sections (__main__.KnowledgeContract.test_runtime_lookup_rejects_unrelated_and_oversized_sections) ... ok
test_safe_transport_pins_dns_and_revalidates_redirects (__main__.KnowledgeContract.test_safe_transport_pins_dns_and_revalidates_redirects) ... ok
test_scope_approval_and_competitor_retrieval_filters (__main__.KnowledgeContract.test_scope_approval_and_competitor_retrieval_filters) ... ok
test_snapshot_publication_and_old_citations_are_immutable (__main__.KnowledgeContract.test_snapshot_publication_and_old_citations_are_immutable) ... ok
test_sparse_specification_table_attempts_rendered_evidence (__main__.KnowledgeContract.test_sparse_specification_table_attempts_rendered_evidence) ... ok
test_topic_ranking_does_not_relax_scope_or_merge_edition_names (__main__.KnowledgeContract.test_topic_ranking_does_not_relax_scope_or_merge_edition_names) ... ok
test_transmission_suffix_never_licenses_negative_or_inferred_fitment (__main__.KnowledgeContract.test_transmission_suffix_never_licenses_negative_or_inferred_fitment) ... ok
test_two_documents_require_review_download_is_not_upload (__main__.KnowledgeContract.test_two_documents_require_review_download_is_not_upload) ... ok
test_two_reviewed_displacement_values_require_fresh_conflict_decision (__main__.KnowledgeContract.test_two_reviewed_displacement_values_require_fresh_conflict_decision) ... ok
test_variant_comparison_filters_and_future_offers (__main__.KnowledgeContract.test_variant_comparison_filters_and_future_offers) ... ok

----------------------------------------------------------------------
Ran 60 tests in 11.366s

OK
FINAL_OUTBOUND_ATTEMPTS 0
