test_broad_slide_title_cannot_license_another_rows_picture (__main__.PublishedPictures.test_broad_slide_title_cannot_license_another_rows_picture) ... ok
test_caption_search_hint_is_bounded_and_never_changes_question_or_scope (__main__.PublishedPictures.test_caption_search_hint_is_bounded_and_never_changes_question_or_scope) ... ok
test_compound_caption_with_unapproved_fact_is_ineligible (__main__.PublishedPictures.test_compound_caption_with_unapproved_fact_is_ineligible) ... ok
test_explicit_show_never_presents_proxy_as_requested_part (__main__.PublishedPictures.test_explicit_show_never_presents_proxy_as_requested_part) ... ok
test_faq_hit_gets_same_fresh_picture_without_graph (__main__.PublishedPictures.test_faq_hit_gets_same_fresh_picture_without_graph) ... ok
test_generic_controls_and_mixed_questions_cannot_bypass_reasoning (__main__.PublishedPictures.test_generic_controls_and_mixed_questions_cannot_bypass_reasoning) ... ok
test_lookup_never_changes_reviewed_coordinates_or_bundle (__main__.PublishedPictures.test_lookup_never_changes_reviewed_coordinates_or_bundle) ... ok
test_missing_external_other_demo_and_traversal_images_are_rejected (__main__.PublishedPictures.test_missing_external_other_demo_and_traversal_images_are_rejected) ... ok
test_missing_photo_is_a_neutral_navigation_limit_not_a_new_unknown (__main__.PublishedPictures.test_missing_photo_is_a_neutral_navigation_limit_not_a_new_unknown) ... ok
test_model_failure_and_clarification_never_gain_a_visual (__main__.PublishedPictures.test_model_failure_and_clarification_never_gain_a_visual) ... ok
test_negative_requested_variant_projection_never_selects_positive_photo (__main__.PublishedPictures.test_negative_requested_variant_projection_never_selects_positive_photo) ... ok
test_other_parts_in_same_photo_cannot_donate_a_different_caption_qualifier (__main__.PublishedPictures.test_other_parts_in_same_photo_cannot_donate_a_different_caption_qualifier) ... ok
test_publication_race_and_disappearing_media_cannot_claim_picture_is_shown (__main__.PublishedPictures.test_publication_race_and_disappearing_media_cannot_claim_picture_is_shown) ... ok
test_pure_show_picks_matching_second_photo_and_bound_line (__main__.PublishedPictures.test_pure_show_picks_matching_second_photo_and_bound_line) ... ok
test_real_graph_attaches_picture_after_normal_fact_validation (__main__.PublishedPictures.test_real_graph_attaches_picture_after_normal_fact_validation) ... ok
test_rejected_suppressed_competitor_and_condition_donors_cannot_match (__main__.PublishedPictures.test_rejected_suppressed_competitor_and_condition_donors_cannot_match) ... ok
test_requested_variant_filters_show_before_any_picture_selection (__main__.PublishedPictures.test_requested_variant_filters_show_before_any_picture_selection) ... ok
test_show_only_serves_before_graph_without_learning_a_fact_or_unknown (__main__.PublishedPictures.test_show_only_serves_before_graph_without_learning_a_fact_or_unknown) ... ok
test_specific_picture_beats_current_generic_summary (__main__.PublishedPictures.test_specific_picture_beats_current_generic_summary) ... ok
test_stale_pin_clears_legacy_slide_route_and_cached_visual (__main__.PublishedPictures.test_stale_pin_clears_legacy_slide_route_and_cached_visual) ... ok
test_stale_snapshot_and_republished_same_snapshot_version_fail_closed (__main__.PublishedPictures.test_stale_snapshot_and_republished_same_snapshot_version_fail_closed) ... ok
test_unknown_caption_owner_does_not_fall_back_to_first_photo (__main__.PublishedPictures.test_unknown_caption_owner_does_not_fall_back_to_first_photo) ... ok
test_unrelated_request_and_position_only_overlap_have_no_fallback (__main__.PublishedPictures.test_unrelated_request_and_position_only_overlap_have_no_fallback) ... ok

----------------------------------------------------------------------
Ran 23 tests in 0.151s

OK
FINAL_OUTBOUND_ATTEMPTS 0
