PASS estimated route extends beyond three proofs using distinct cited speech
PASS first fundamental leads and features/establish close the route
PASS film, intake, Q&A, deeper and legacy question check-ins cannot fill the minimum
PASS a duplicated line with a new segment id contributes no extra duration
PASS held narration is excluded
PASS rejected citations are excluded from the duration
PASS Author's existing repair receives a concrete underlength deficit
PASS legacy validator calls do not invent a minimum-budget issue
PASS guided budget excludes unplayed intro/outcome and reserves overview/closing
PASS browser-only estimates remain draft information and cannot establish publication length
PASS real WAV timing controls the guided route and is fully measured
PASS short real audio blocks even when its text estimate is long enough
PASS failed minimum gate preserves bundle bytes, published snapshot and version
PASS missing recorded opening cannot be replaced by an estimate for publication
PASS corrupt recorded audio blocks publication
PASS script closing cannot fill the minimum when no closing slide can play it
PASS an alternate opening must have its own readable clip before any publication
PASS published initial route extends the buyer order beyond three proofs
PASS pre-tour question visits cannot remove required default narration
PASS alternate publication and pitch count the selected language opening identically
PASS initial default keeps the measured closing instead of replacing it with a model advance
PASS explicit short tour waives only the visit route minimum
PASS later refinements retain their shorter customer-directed behavior
PASS negated, quoted and inferred urgency do not authorize a short tour
PASS no default-tour publication bypass in MOCK mode
25/25 minimum narration contracts pass
OUTBOUND_ATTEMPTS 0
