test_align_counts_reachable_tail_continuations_but_not_a_second_features_group (__main__.NarrationRecovery.test_align_counts_reachable_tail_continuations_but_not_a_second_features_group) ... ok
test_align_ignores_a_stored_alternate_that_is_no_longer_selected (__main__.NarrationRecovery.test_align_ignores_a_stored_alternate_that_is_no_longer_selected) ... ok
test_align_ignores_old_alternate_audio_after_a_new_unrecorded_draft (__main__.NarrationRecovery.test_align_ignores_old_alternate_audio_after_a_new_unrecorded_draft) ... ok
test_align_preparation_excludes_duplicate_held_rejected_and_deeper_lines (__main__.NarrationRecovery.test_align_preparation_excludes_duplicate_held_rejected_and_deeper_lines) ... ok
test_align_reports_incomplete_preparation_even_when_old_estimate_reaches_three_minutes (__main__.NarrationRecovery.test_align_reports_incomplete_preparation_even_when_old_estimate_reaches_three_minutes) ... ok
test_align_shows_the_selected_short_language_when_current_main_recording_passes (__main__.NarrationRecovery.test_align_shows_the_selected_short_language_when_current_main_recording_passes) ... ok
test_author_revision_gate_preserves_the_unrelated_plan_revision_route (__main__.NarrationRecovery.test_author_revision_gate_preserves_the_unrelated_plan_revision_route) ... ok
test_corrupt_recording_returns_to_review_without_discarding_text (__main__.NarrationRecovery.test_corrupt_recording_returns_to_review_without_discarding_text) ... ok
test_explicit_plan_author_preparation_returns_to_review_without_auto_build (__main__.NarrationRecovery.test_explicit_plan_author_preparation_returns_to_review_without_auto_build) ... ok
test_explicit_preparation_readiness_override_is_audited_and_allows_dispatch (__main__.NarrationRecovery.test_explicit_preparation_readiness_override_is_audited_and_allows_dispatch) ... ok
test_explicitly_restored_recordings_and_reapproval_can_publish (__main__.NarrationRecovery.test_explicitly_restored_recordings_and_reapproval_can_publish) ... ok
test_failed_real_readiness_blocks_canonical_preparation_before_graph_starts (__main__.NarrationRecovery.test_failed_real_readiness_blocks_canonical_preparation_before_graph_starts) ... ok
test_fresh_reasoning_readiness_allows_preparation_without_a_speech_probe (__main__.NarrationRecovery.test_fresh_reasoning_readiness_allows_preparation_without_a_speech_probe) ... ok
test_measured_128_seconds_automatically_prepares_a_draft_without_recording (__main__.NarrationRecovery.test_measured_128_seconds_automatically_prepares_a_draft_without_recording) ... ok
test_missing_recording_returns_to_review_and_keeps_existing_clips (__main__.NarrationRecovery.test_missing_recording_returns_to_review_and_keeps_existing_clips) ... ok
test_mock_preparation_bypasses_readiness_without_probing_or_calling_providers (__main__.NarrationRecovery.test_mock_preparation_bypasses_readiness_without_probing_or_calling_providers) ... ok
test_provider_failure_remains_an_error_instead_of_a_length_review_pause (__main__.NarrationRecovery.test_provider_failure_remains_an_error_instead_of_a_length_review_pause) ... ok
test_repeated_build_requires_reapproval_and_keeps_the_review_checkpoint (__main__.NarrationRecovery.test_repeated_build_requires_reapproval_and_keeps_the_review_checkpoint) ... ok

----------------------------------------------------------------------
Ran 18 tests in 0.981s

OK
OUTBOUND_ATTEMPTS 0
OUTBOUND_ATTEMPTS 0
